[ERROR] An uncaught error has occurred! Here are the details that may help solve this issue.

Error:
`venusbackend.simulator.SimulatorError: The heap has grown into the stack.

ID:
'Trace tr Loop'!
