Could not assemble program!
Here are the errors which were produced:
